<testsuites name="results">
  <testsuite name="all" package="all">
    <property name="random_seed" value="1769773769" />
    <testcase name="test_aes_ecb_two_blocks" classname="aes_test" file="/work/aes_test.py" lineno="70" time="0.04762530326843262" sim_time_ns="1300.0" ratio_time="27296.41410728142" />
  </testsuite>
</testsuites>